{
  "Entries": [
    {
      "RequestUri": "https://seanoauthstage.queue.core.windows.net/test-queue-af469c94-3d22-f597-990f-225e30cb6fda?sv=2020-06-12\u0026ss=bfqt\u0026srt=sco\u0026spr=https\u0026se=2021-04-02T17%3A54%3A06Z\u0026sp=rwdxlacuptfi\u0026sig=Sanitized",
      "RequestMethod": "PUT",
      "RequestHeaders": {
        "Accept": "application/xml",
        "traceparent": "00-ab1fed04ac72e04b8fd4533a8f0c049f-ec0bbe61f2669f45-00",
        "User-Agent": [
          "azsdk-net-Storage.Queues/12.7.0-alpha.20210402.1",
          "(.NET 5.0.4; Microsoft Windows 10.0.19042)"
        ],
        "x-ms-client-request-id": "b6bf66c8-c8b1-5024-15f9-2c0f16b97803",
        "x-ms-return-client-request-id": "true",
        "x-ms-version": "2018-11-09"
      },
      "RequestBody": null,
      "StatusCode": 201,
      "ResponseHeaders": {
        "Date": "Fri, 02 Apr 2021 16:54:05 GMT",
        "Server": [
          "Windows-Azure-Queue/1.0",
          "Microsoft-HTTPAPI/2.0"
        ],
        "Transfer-Encoding": "chunked",
        "x-ms-request-id": "473bef94-6003-002d-44e0-27c899000000",
        "x-ms-version": "2018-11-09"
      },
      "ResponseBody": []
    },
    {
      "RequestUri": "https://seanoauthstage.queue.core.windows.net/test-queue-416f4d1a-4342-4c86-8313-27dd7c962a2c?sv=2020-06-12\u0026ss=bfqt\u0026srt=sco\u0026spr=https\u0026se=2021-04-02T17%3A54%3A06Z\u0026sp=rwdxlacuptfi\u0026sig=Sanitized",
      "RequestMethod": "PUT",
      "RequestHeaders": {
        "Accept": "application/xml",
        "traceparent": "00-186b9edce28abe4e8e20f44af25d3615-2faa7f6ddab8654d-00",
        "User-Agent": [
          "azsdk-net-Storage.Queues/12.7.0-alpha.20210402.1",
          "(.NET 5.0.4; Microsoft Windows 10.0.19042)"
        ],
        "x-ms-client-request-id": "1614de1f-74d6-487b-9582-3d12ee76083e",
        "x-ms-return-client-request-id": "true",
        "x-ms-version": "2018-11-09"
      },
      "RequestBody": null,
      "StatusCode": 201,
      "ResponseHeaders": {
        "Date": "Fri, 02 Apr 2021 16:54:05 GMT",
        "Server": [
          "Windows-Azure-Queue/1.0",
          "Microsoft-HTTPAPI/2.0"
        ],
        "Transfer-Encoding": "chunked",
        "x-ms-request-id": "473bef96-6003-002d-45e0-27c899000000",
        "x-ms-version": "2018-11-09"
      },
      "ResponseBody": []
    },
    {
      "RequestUri": "https://seanoauthstage.queue.core.windows.net/test-queue-af469c94-3d22-f597-990f-225e30cb6fda?sv=2020-06-12\u0026ss=bfqt\u0026srt=sco\u0026spr=https\u0026se=2021-04-02T17%3A54%3A06Z\u0026sp=rwdxlacuptfi\u0026sig=Sanitized\u0026comp=metadata",
      "RequestMethod": "GET",
      "RequestHeaders": {
        "Accept": "application/xml",
        "traceparent": "00-373291107e2f8b48834146e4b2799b8c-27f2004fe411e243-00",
        "User-Agent": [
          "azsdk-net-Storage.Queues/12.7.0-alpha.20210402.1",
          "(.NET 5.0.4; Microsoft Windows 10.0.19042)"
        ],
        "x-ms-client-request-id": "ff728436-a227-4a49-d443-381aad45922a",
        "x-ms-return-client-request-id": "true",
        "x-ms-version": "2018-11-09"
      },
      "RequestBody": null,
      "StatusCode": 200,
      "ResponseHeaders": {
        "Cache-Control": "no-cache",
        "Date": "Fri, 02 Apr 2021 16:54:05 GMT",
        "Server": [
          "Windows-Azure-Queue/1.0",
          "Microsoft-HTTPAPI/2.0"
        ],
        "Transfer-Encoding": "chunked",
        "x-ms-approximate-messages-count": "0",
        "x-ms-request-id": "473bef98-6003-002d-46e0-27c899000000",
        "x-ms-version": "2018-11-09"
      },
      "ResponseBody": []
    },
    {
      "RequestUri": "https://seanoauthstage.queue.core.windows.net/test-queue-416f4d1a-4342-4c86-8313-27dd7c962a2c?sv=2020-06-12\u0026ss=bfqt\u0026srt=sco\u0026spr=https\u0026se=2021-04-02T17%3A54%3A06Z\u0026sp=rwdxlacuptfi\u0026sig=Sanitized\u0026comp=metadata",
      "RequestMethod": "GET",
      "RequestHeaders": {
        "Accept": "application/xml",
        "traceparent": "00-ccfa0dd18b9f044d8dc2d1ffd90764e7-d80efe793a012d46-00",
        "User-Agent": [
          "azsdk-net-Storage.Queues/12.7.0-alpha.20210402.1",
          "(.NET 5.0.4; Microsoft Windows 10.0.19042)"
        ],
        "x-ms-client-request-id": "025a141f-c0e5-536c-07cc-93e0cd8edbf1",
        "x-ms-return-client-request-id": "true",
        "x-ms-version": "2018-11-09"
      },
      "RequestBody": null,
      "StatusCode": 200,
      "ResponseHeaders": {
        "Cache-Control": "no-cache",
        "Date": "Fri, 02 Apr 2021 16:54:05 GMT",
        "Server": [
          "Windows-Azure-Queue/1.0",
          "Microsoft-HTTPAPI/2.0"
        ],
        "Transfer-Encoding": "chunked",
        "x-ms-approximate-messages-count": "0",
        "x-ms-request-id": "473bef99-6003-002d-47e0-27c899000000",
        "x-ms-version": "2018-11-09"
      },
      "ResponseBody": []
    },
    {
      "RequestUri": "https://seanoauthstage.queue.core.windows.net/test-queue-af469c94-3d22-f597-990f-225e30cb6fda?sv=2020-06-12\u0026ss=bfqt\u0026srt=sco\u0026spr=https\u0026se=2021-04-02T17%3A54%3A06Z\u0026sp=rwdxlacuptfi\u0026sig=Sanitized",
      "RequestMethod": "DELETE",
      "RequestHeaders": {
        "Accept": "application/xml",
        "traceparent": "00-28eee53ea45f834e958d6c090a507139-8a22f4871a3c5446-00",
        "User-Agent": [
          "azsdk-net-Storage.Queues/12.7.0-alpha.20210402.1",
          "(.NET 5.0.4; Microsoft Windows 10.0.19042)"
        ],
        "x-ms-client-request-id": "99fad183-8fea-3e44-e4f1-c74c438f6765",
        "x-ms-return-client-request-id": "true",
        "x-ms-version": "2018-11-09"
      },
      "RequestBody": null,
      "StatusCode": 204,
      "ResponseHeaders": {
        "Content-Length": "0",
        "Date": "Fri, 02 Apr 2021 16:54:05 GMT",
        "Server": [
          "Windows-Azure-Queue/1.0",
          "Microsoft-HTTPAPI/2.0"
        ],
        "x-ms-request-id": "473bef9a-6003-002d-48e0-27c899000000",
        "x-ms-version": "2018-11-09"
      },
      "ResponseBody": []
    },
    {
      "RequestUri": "https://seanoauthstage.queue.core.windows.net/test-queue-416f4d1a-4342-4c86-8313-27dd7c962a2c?sv=2020-06-12\u0026ss=bfqt\u0026srt=sco\u0026spr=https\u0026se=2021-04-02T17%3A54%3A06Z\u0026sp=rwdxlacuptfi\u0026sig=Sanitized",
      "RequestMethod": "DELETE",
      "RequestHeaders": {
        "Accept": "application/xml",
        "traceparent": "00-8ac612a952353244804f0d18b7326a47-64d89e5d5020b046-00",
        "User-Agent": [
          "azsdk-net-Storage.Queues/12.7.0-alpha.20210402.1",
          "(.NET 5.0.4; Microsoft Windows 10.0.19042)"
        ],
        "x-ms-client-request-id": "fc5d5aa3-4294-fa07-ac17-8276c60f1b84",
        "x-ms-return-client-request-id": "true",
        "x-ms-version": "2018-11-09"
      },
      "RequestBody": null,
      "StatusCode": 204,
      "ResponseHeaders": {
        "Content-Length": "0",
        "Date": "Fri, 02 Apr 2021 16:54:05 GMT",
        "Server": [
          "Windows-Azure-Queue/1.0",
          "Microsoft-HTTPAPI/2.0"
        ],
        "x-ms-request-id": "473bef9b-6003-002d-49e0-27c899000000",
        "x-ms-version": "2018-11-09"
      },
      "ResponseBody": []
    }
  ],
  "Variables": {
    "DateTimeOffsetNow": "2021-04-02T11:54:06.4035725-05:00",
    "RandomSeed": "69753392",
    "Storage_TestConfigDefault": "ProductionTenant\nseanoauthstage\nU2FuaXRpemVk\nhttps://seanoauthstage.blob.core.windows.net\nhttps://seanoauthstage.file.core.windows.net\nhttps://seanoauthstage.queue.core.windows.net\nhttps://seanoauthstage.table.core.windows.net\n\n\n\n\nhttps://seanoauthstage-secondary.blob.core.windows.net\nhttps://seanoauthstage-secondary.file.core.windows.net\nhttps://seanoauthstage-secondary.queue.core.windows.net\nhttps://seanoauthstage-secondary.table.core.windows.net\n68390a19-a643-458b-b726-408abf67b4fc\nSanitized\n72f988bf-86f1-41af-91ab-2d7cd011db47\nhttps://login.microsoftonline.com/\nCloud\nBlobEndpoint=https://seanoauthstage.blob.core.windows.net/;QueueEndpoint=https://seanoauthstage.queue.core.windows.net/;FileEndpoint=https://seanoauthstage.file.core.windows.net/;BlobSecondaryEndpoint=https://seanoauthstage-secondary.blob.core.windows.net/;QueueSecondaryEndpoint=https://seanoauthstage-secondary.queue.core.windows.net/;FileSecondaryEndpoint=https://seanoauthstage-secondary.file.core.windows.net/;AccountName=seanoauthstage;AccountKey=Kg==;\n"
  }
}